............................................................................................................................................................................................................................................................F......................................................................................................................................................................................................................................................................................
======================================================================
FAIL: test_inflight_nft_and_late_child_cannot_outlive_controller (test_native_peer_fence.NativePeerFenceTests.test_inflight_nft_and_late_child_cannot_outlive_controller)
----------------------------------------------------------------------
Traceback (most recent call last):
  File "/home/skilgore/stead-urbit/tests/urbit/test_native_peer_fence.py", line 44, in test_inflight_nft_and_late_child_cannot_outlive_controller
    self.execute('fence-death-probe.py', 'real-host-private-network-parent-death', 3)
    ~~~~~~~~~~~~^^^^^^^^^^^^^^^^^^^^^^^^^^^^^^^^^^^^^^^^^^^^^^^^^^^^^^^^^^^^^^^^^^^^^
  File "/home/skilgore/stead-urbit/tests/urbit/test_native_peer_fence.py", line 30, in execute
    self.assertEqual(completed.returncode, 0, completed.stdout + completed.stderr)
    ~~~~~~~~~~~~~~~~^^^^^^^^^^^^^^^^^^^^^^^^^^^^^^^^^^^^^^^^^^^^^^^^^^^^^^^^^^^^^^
AssertionError: 1 != 0 : Traceback (most recent call last):
  File "/probes/fence-death-probe.py", line 38, in <module>
    while not dead(nft_pid) and time.monotonic() < deadline:
              ~~~~^^^^^^^^^
  File "/probes/fence-death-probe.py", line 16, in dead
    return Path(f'/proc/{pid}/stat').read_text().split()[2] == 'Z'
           ~~~~~~~~~~~~~~~~~~~~~~~~~~~~~~~~~~~^^
  File "/usr/lib/python3.14/pathlib/__init__.py", line 788, in read_text
    return f.read()
           ~~~~~~^^
ProcessLookupError: [Errno 3] No such process


----------------------------------------------------------------------
Ran 531 tests in 27.356s

FAILED (failures=1)
