test_child_keeps_exclusive_lock_after_parent_descriptor_closes (test_execution_policy.ControlledChildExecution.test_child_keeps_exclusive_lock_after_parent_descriptor_closes) ... ok
test_clean_light_child_completion_is_not_labeled_native_pass (test_execution_policy.ControlledChildExecution.test_clean_light_child_completion_is_not_labeled_native_pass) ... ok
test_existing_stop_never_launches_a_child (test_execution_policy.ControlledChildExecution.test_existing_stop_never_launches_a_child) ... ok
test_hot_preflight_never_launches_a_child (test_execution_policy.ControlledChildExecution.test_hot_preflight_never_launches_a_child) ... ok
test_trip_with_child_exit_zero_stays_failed_and_preserves_crossing (test_execution_policy.ControlledChildExecution.test_trip_with_child_exit_zero_stays_failed_and_preserves_crossing) ... ok
test_uncooperative_owned_child_is_killed_within_bounded_cleanup (test_execution_policy.ControlledChildExecution.test_uncooperative_owned_child_is_killed_within_bounded_cleanup) ... ok
test_evidence_write_failure_after_preparation_prevents_child_launch (test_runtime_guard_adversarial.GuardFailureOutcomeTests.test_evidence_write_failure_after_preparation_prevents_child_launch) ... ok
test_evidence_write_failure_still_signals_owned_running_child (test_runtime_guard_adversarial.GuardFailureOutcomeTests.test_evidence_write_failure_still_signals_owned_running_child) ... ok
test_hot_or_missing_preflight_never_calls_factory_or_process (test_runtime_guard_adversarial.GuardFailureOutcomeTests.test_hot_or_missing_preflight_never_calls_factory_or_process) ... ok
test_operator_stop_before_launch_is_nonpassing_without_launch (test_runtime_guard_adversarial.GuardFailureOutcomeTests.test_operator_stop_before_launch_is_nonpassing_without_launch) ... ok
test_current_owned_source_bound_lease_is_accepted (test_runtime_guard_adversarial.LeaseAdmissionTests.test_current_owned_source_bound_lease_is_accepted) ... ok
test_sandbox_cannot_accept_writable_control_mount (test_runtime_guard_adversarial.LeaseAdmissionTests.test_sandbox_cannot_accept_writable_control_mount) ... ok
test_stale_and_future_freshly_written_leases_refuse (test_runtime_guard_adversarial.LeaseAdmissionTests.test_stale_and_future_freshly_written_leases_refuse) ... ok
test_stop_file_and_stop_symlink_are_terminal_despite_running_lease (test_runtime_guard_adversarial.LeaseAdmissionTests.test_stop_file_and_stop_symlink_are_terminal_despite_running_lease) ... ok
test_wrong_owner_source_policy_generation_or_stopped_lease_refuses (test_runtime_guard_adversarial.LeaseAdmissionTests.test_wrong_owner_source_policy_generation_or_stopped_lease_refuses) ... ok
test_cgroup_and_affinity_readback_mismatch_refuses (test_runtime_guard_adversarial.OwnedHostFilesTests.test_cgroup_and_affinity_readback_mismatch_refuses) ... ok
test_control_reads_refuse_aliases_fifo_size_and_duplicate_keys (test_runtime_guard_adversarial.OwnedHostFilesTests.test_control_reads_refuse_aliases_fifo_size_and_duplicate_keys) ... ok
test_evidence_parent_symlink_cannot_redirect_host_write (test_runtime_guard_adversarial.OwnedHostFilesTests.test_evidence_parent_symlink_cannot_redirect_host_write) ... ok
test_final_entry_symlink_is_safely_replaced_or_refused (test_runtime_guard_adversarial.OwnedHostFilesTests.test_final_entry_symlink_is_safely_replaced_or_refused) ... ok
test_lock_contention_preserves_held_inode_and_file (test_runtime_guard_adversarial.OwnedHostFilesTests.test_lock_contention_preserves_held_inode_and_file) ... ok
test_lock_symlink_and_hardlink_refuse_without_touching_sentinel (test_runtime_guard_adversarial.OwnedHostFilesTests.test_lock_symlink_and_hardlink_refuse_without_touching_sentinel) ... ok
test_scope_signal_rejects_other_unit_without_systemctl (test_runtime_guard_adversarial.OwnedHostFilesTests.test_scope_signal_rejects_other_unit_without_systemctl) ... ok
test_shared_permissions_on_existing_lock_refuse (test_runtime_guard_adversarial.OwnedHostFilesTests.test_shared_permissions_on_existing_lock_refuse) ... ok
test_ambient_only_is_not_cpu_thermal_evidence (test_runtime_guard_adversarial.ThermalEvidenceTests.test_ambient_only_is_not_cpu_thermal_evidence) ... ok
test_constructor_cannot_weaken_existing_limits (test_runtime_guard_adversarial.ThermalEvidenceTests.test_constructor_cannot_weaken_existing_limits) ... ok
test_duplicate_cpu_inventory_refuses (test_runtime_guard_adversarial.ThermalEvidenceTests.test_duplicate_cpu_inventory_refuses) ... ok
test_missing_or_renamed_hottest_sensor_refuses_continuation (test_runtime_guard_adversarial.ThermalEvidenceTests.test_missing_or_renamed_hottest_sensor_refuses_continuation) ... ok
test_nonfinite_invalid_and_implausible_sensor_values_refuse (test_runtime_guard_adversarial.ThermalEvidenceTests.test_nonfinite_invalid_and_implausible_sensor_values_refuse) ... ok
test_preflight_allows_ceiling_but_running_stops_at_ceiling (test_runtime_guard_adversarial.ThermalEvidenceTests.test_preflight_allows_ceiling_but_running_stops_at_ceiling) ... ok
test_same_values_from_fresh_reads_are_valid (test_runtime_guard_adversarial.ThermalEvidenceTests.test_same_values_from_fresh_reads_are_valid) ... ok
test_sampler_does_not_silently_drop_malformed_zone (test_runtime_guard_adversarial.ThermalEvidenceTests.test_sampler_does_not_silently_drop_malformed_zone) ... ok
test_stale_future_reversed_and_nonfinite_clocks_refuse (test_runtime_guard_adversarial.ThermalEvidenceTests.test_stale_future_reversed_and_nonfinite_clocks_refuse) ... ok
test_directory_redirect_is_not_invisible_to_digest (test_harness_safety.DigestSafety.test_directory_redirect_is_not_invisible_to_digest) ... ok
test_file_redirect_is_not_equivalent_to_original_bytes (test_harness_safety.DigestSafety.test_file_redirect_is_not_equivalent_to_original_bytes) ... ok
test_fresh_cache_prefix_executes_source_instead_of_old_host_bytecode (test_harness_safety.DigestSafety.test_fresh_cache_prefix_executes_source_instead_of_old_host_bytecode) ... ok
test_helper_inventory_binds_new_files_and_excludes_only_cache_directory (test_harness_safety.DigestSafety.test_helper_inventory_binds_new_files_and_excludes_only_cache_directory) ... ok
test_source_profile_covers_internal_aliases_and_their_targets (test_harness_safety.DigestSafety.test_source_profile_covers_internal_aliases_and_their_targets) ... ok
test_source_profile_rejects_alias_outside_pinned_tree (test_harness_safety.DigestSafety.test_source_profile_rejects_alias_outside_pinned_tree) ... ok
test_special_sources_refuse_without_waiting_for_fifo_writer (test_harness_safety.DigestSafety.test_special_sources_refuse_without_waiting_for_fifo_writer) ... ok
test_active_control_endpoint_blocks_reset (test_harness_safety.FixtureSafety.test_active_control_endpoint_blocks_reset) ... ok
test_changed_seed_preserves_live_data (test_harness_safety.FixtureSafety.test_changed_seed_preserves_live_data) ... ok
test_changed_toolchain_preserves_live_data (test_harness_safety.FixtureSafety.test_changed_toolchain_preserves_live_data) ... ok
test_fixture_root_symlink_is_rejected (test_harness_safety.FixtureSafety.test_fixture_root_symlink_is_rejected) ... ok
test_fixture_with_public_permissions_is_rejected (test_harness_safety.FixtureSafety.test_fixture_with_public_permissions_is_rejected) ... ok
test_invalid_marker_is_not_permission_to_delete (test_harness_safety.FixtureSafety.test_invalid_marker_is_not_permission_to_delete) ... ok
test_parent_root_symlink_is_rejected (test_harness_safety.FixtureSafety.test_parent_root_symlink_is_rejected) ... ok
test_redirected_control_or_owned_entry_is_rejected (test_harness_safety.FixtureSafety.test_redirected_control_or_owned_entry_is_rejected) ... ok
test_seed_directory_symlink_cannot_escape_digest_or_reset_guard (test_harness_safety.FixtureSafety.test_seed_directory_symlink_cannot_escape_digest_or_reset_guard) ... ok
test_start_with_other_toolchain_cannot_launch_existing_piers (test_harness_safety.FixtureSafety.test_start_with_other_toolchain_cannot_launch_existing_piers) ... ok
test_unmarked_fixture_is_not_deleted (test_harness_safety.FixtureSafety.test_unmarked_fixture_is_not_deleted) ... ok
test_unresponsive_supervisor_lock_still_blocks_reset (test_harness_safety.FixtureSafety.test_unresponsive_supervisor_lock_still_blocks_reset) ... ok
test_valid_stopped_hash_verified_seed_resets_all_four (test_harness_safety.FixtureSafety.test_valid_stopped_hash_verified_seed_resets_all_four) ... ok
test_added_helper_and_changed_mounted_inputs_reject (test_harness_safety.QualificationSourceSafety.test_added_helper_and_changed_mounted_inputs_reject) ... ok
test_clean_committed_bytes_and_cache_admission (test_harness_safety.QualificationSourceSafety.test_clean_committed_bytes_and_cache_admission) ... ok
test_clean_git_status_does_not_hide_changed_committed_bytes (test_harness_safety.QualificationSourceSafety.test_clean_git_status_does_not_hide_changed_committed_bytes) ... ok
test_ignored_uncommitted_mounted_inputs_cannot_claim_exact_commit (test_harness_safety.QualificationSourceSafety.test_ignored_uncommitted_mounted_inputs_cannot_claim_exact_commit) ... ok
test_cancelled_boot_never_polls_native_endpoint (test_harness_safety.SupervisorLifecycleSafety.test_cancelled_boot_never_polls_native_endpoint) ... ok
test_forced_state_is_never_promoted_to_a_clean_seed (test_harness_safety.SupervisorLifecycleSafety.test_forced_state_is_never_promoted_to_a_clean_seed) ... ok
test_guard_stop_overwrites_a_just_written_passing_native_report (test_harness_safety.SupervisorLifecycleSafety.test_guard_stop_overwrites_a_just_written_passing_native_report) ... ok
test_nonzero_child_exit_stays_unclean_after_normal_stop (test_harness_safety.SupervisorLifecycleSafety.test_nonzero_child_exit_stays_unclean_after_normal_stop) ... ok
test_normal_stop_watchdog_cannot_swallow_cleanup_failure (test_harness_safety.SupervisorLifecycleSafety.test_normal_stop_watchdog_cannot_swallow_cleanup_failure) ... ok
test_normal_stop_watchdog_does_not_label_a_clean_stop_as_forced (test_harness_safety.SupervisorLifecycleSafety.test_normal_stop_watchdog_does_not_label_a_clean_stop_as_forced) ... ok
test_overlapping_shutdown_paths_send_term_once_per_process_incarnation (test_harness_safety.SupervisorLifecycleSafety.test_overlapping_shutdown_paths_send_term_once_per_process_incarnation) ... ok
test_shutdown_failure_still_attempts_every_other_ship_and_reports_failure (test_harness_safety.SupervisorLifecycleSafety.test_shutdown_failure_still_attempts_every_other_ship_and_reports_failure) ... ok
test_signal_and_wait_failures_do_not_abandon_other_children (test_harness_safety.SupervisorLifecycleSafety.test_signal_and_wait_failures_do_not_abandon_other_children) ... ok
test_stale_guard_latches_cancellation_before_the_busy_test_mutex (test_harness_safety.SupervisorLifecycleSafety.test_stale_guard_latches_cancellation_before_the_busy_test_mutex) ... ok
test_stop_signals_cancellation_before_waiting_for_active_initialization (test_harness_safety.SupervisorLifecycleSafety.test_stop_signals_cancellation_before_waiting_for_active_initialization) ... ok
test_supervisor_exit_is_nonzero_for_guard_or_initialization_failure (test_harness_safety.SupervisorLifecycleSafety.test_supervisor_exit_is_nonzero_for_guard_or_initialization_failure) ... ok
test_archive_tampering_fails_before_executable_check (test_harness_safety.SupplyChainSafety.test_archive_tampering_fails_before_executable_check) ... ok
test_original_pinned_synthetic_fixture_verifies (test_harness_safety.SupplyChainSafety.test_original_pinned_synthetic_fixture_verifies) ... ok
test_partial_download_symlink_cannot_overwrite_outside_cache (test_harness_safety.SupplyChainSafety.test_partial_download_symlink_cannot_overwrite_outside_cache) ... ok
test_protocol_corpus_tampering_fails_before_executable_check (test_harness_safety.SupplyChainSafety.test_protocol_corpus_tampering_fails_before_executable_check) ... ok
test_redirected_download_directory_is_rejected (test_harness_safety.SupplyChainSafety.test_redirected_download_directory_is_rejected) ... ok
test_redirected_extracted_binary_parent_is_rejected (test_harness_safety.SupplyChainSafety.test_redirected_extracted_binary_parent_is_rejected) ... ok
test_tampered_node_is_rejected_before_it_can_execute (test_harness_safety.SupplyChainSafety.test_tampered_node_is_rejected_before_it_can_execute) ... ok
test_empty_sources_cannot_be_a_successful_build (test_dev_flow.CompileEvidenceTests.test_empty_sources_cannot_be_a_successful_build) ... ok
test_interrupted_native_work_retains_nonpassing_input_checkpoint (test_dev_flow.CompileEvidenceTests.test_interrupted_native_work_retains_nonpassing_input_checkpoint) ... ok
test_late_guard_failure_overrides_successful_probes (test_dev_flow.CompileEvidenceTests.test_late_guard_failure_overrides_successful_probes) ... ok
test_required_save_load_probe_cannot_pass_on_empty_or_wrong_result (test_dev_flow.CompileEvidenceTests.test_required_save_load_probe_cannot_pass_on_empty_or_wrong_result) ... ok
test_source_change_during_build_is_not_a_pass (test_dev_flow.CompileEvidenceTests.test_source_change_during_build_is_not_a_pass) ... ok
test_stale_loaded_runner_cannot_reset_or_execute_fixture (test_dev_flow.CompileEvidenceTests.test_stale_loaded_runner_cannot_reset_or_execute_fixture) ... ok
test_success_is_explicitly_compile_scope_not_phase_acceptance (test_dev_flow.CompileEvidenceTests.test_success_is_explicitly_compile_scope_not_phase_acceptance) ... ok
test_wrong_compiler_result_is_failure_with_retained_output (test_dev_flow.CompileEvidenceTests.test_wrong_compiler_result_is_failure_with_retained_output) ... ok
test_dev_cleans_up_failed_compile (test_dev_flow.LifecycleTests.test_dev_cleans_up_failed_compile) ... ok
test_dev_cleans_up_start_failure_and_keyboard_interrupt (test_dev_flow.LifecycleTests.test_dev_cleans_up_start_failure_and_keyboard_interrupt) ... ok
test_dev_preserves_original_failure_when_cleanup_also_fails (test_dev_flow.LifecycleTests.test_dev_preserves_original_failure_when_cleanup_also_fails) ... ok
test_failed_launched_supervisor_marks_fixture_and_blocks_next_start (test_dev_flow.LifecycleTests.test_failed_launched_supervisor_marks_fixture_and_blocks_next_start) ... ok
test_preflight_never_launches_or_creates_fixture (test_dev_flow.LifecycleTests.test_preflight_never_launches_or_creates_fixture) ... ok
test_public_feedback_cli_uses_only_the_fixed_rpc (test_dev_flow.LifecycleTests.test_public_feedback_cli_uses_only_the_fixed_rpc) ... ok
test_ready_requires_running_guard (test_dev_flow.LifecycleTests.test_ready_requires_running_guard) ... ok
test_status_distinguishes_stopped_from_unresponsive_owner (test_dev_flow.LifecycleTests.test_status_distinguishes_stopped_from_unresponsive_owner) ... ok
test_status_does_not_create_absent_fixture (test_dev_flow.LifecycleTests.test_status_does_not_create_absent_fixture) ... ok
test_status_does_not_mislabel_timeout_as_stopped (test_dev_flow.LifecycleTests.test_status_does_not_mislabel_timeout_as_stopped) ... ok
test_status_refuses_redirected_fixture (test_dev_flow.LifecycleTests.test_status_refuses_redirected_fixture) ... ok
test_stop_does_not_swallow_other_control_failures (test_dev_flow.LifecycleTests.test_stop_does_not_swallow_other_control_failures) ... ok
test_stop_socket_disappearance_still_requires_released_lifetime_lock (test_dev_flow.LifecycleTests.test_stop_socket_disappearance_still_requires_released_lifetime_lock) ... ok
test_terminal_failure_never_retries_start (test_dev_flow.LifecycleTests.test_terminal_failure_never_retries_start) ... ok
test_failed_check_stops_children_and_clears_ready (test_dev_flow.SupervisorDeveloperTests.test_failed_check_stops_children_and_clears_ready) ... ok
test_failed_public_compile_with_healthy_guard_remains_a_task_failure (test_dev_flow.SupervisorDeveloperTests.test_failed_public_compile_with_healthy_guard_remains_a_task_failure) ... ok
test_final_source_or_cleanup_failure_cannot_leave_green_feedback (test_dev_flow.SupervisorDeveloperTests.test_final_source_or_cleanup_failure_cannot_leave_green_feedback) ... ok
test_late_guard_failure_updates_both_reports_without_private_error_disclosure (test_dev_flow.SupervisorDeveloperTests.test_late_guard_failure_updates_both_reports_without_private_error_disclosure) ... ok
test_private_scoring_cannot_be_requested_with_public_task_parameters (test_dev_flow.SupervisorDeveloperTests.test_private_scoring_cannot_be_requested_with_public_task_parameters) ... ok
test_public_prequalification_references_cannot_escape_workflow_mount (test_dev_flow.SupervisorDeveloperTests.test_public_prequalification_references_cannot_escape_workflow_mount) ... ok
test_public_rpc_rejects_broadened_keys_paths_conditions_and_attempts (test_dev_flow.SupervisorDeveloperTests.test_public_rpc_rejects_broadened_keys_paths_conditions_and_attempts) ... ok
test_public_rpc_resolves_one_fixed_read_only_snapshot_and_finishes_lifetime (test_dev_flow.SupervisorDeveloperTests.test_public_rpc_resolves_one_fixed_read_only_snapshot_and_finishes_lifetime) ... ok
test_shared_module_edit_after_eager_import_changes_supervisor_binding (test_dev_flow.SupervisorDeveloperTests.test_shared_module_edit_after_eager_import_changes_supervisor_binding) ... ok
test_ack_nack_timeout_partial_missing_and_duplicate_never_saved (test_delivery_cases.DeliveryEvidenceHostTests.test_ack_nack_timeout_partial_missing_and_duplicate_never_saved) ... ok
test_counter_without_event_and_multiple_facts_fail (test_delivery_cases.DeliveryEvidenceHostTests.test_counter_without_event_and_multiple_facts_fail) ... ok
test_fact_ack_kick_host_permutations_require_exact_receipt (test_delivery_cases.DeliveryEvidenceHostTests.test_fact_ack_kick_host_permutations_require_exact_receipt) ... ok
test_fault_wrong_lane_mark_source_digest_and_terminal_fact_fail (test_delivery_cases.DeliveryEvidenceHostTests.test_fault_wrong_lane_mark_source_digest_and_terminal_fact_fail) ... ok
test_foreign_leak_or_unacknowledged_subscriber_fails (test_delivery_cases.DeliveryEvidenceHostTests.test_foreign_leak_or_unacknowledged_subscriber_fails) ... ok
test_held_same_path_sentinel_needs_owner_control_record (test_delivery_cases.DeliveryEvidenceHostTests.test_held_same_path_sentinel_needs_owner_control_record) ... ok
test_missing_raw_query_runtime_errors_and_sentinel_fail (test_delivery_cases.DeliveryEvidenceHostTests.test_missing_raw_query_runtime_errors_and_sentinel_fail) ... ok
test_old_host_constants_cannot_stand_in_for_native_events (test_delivery_cases.DeliveryEvidenceHostTests.test_old_host_constants_cannot_stand_in_for_native_events) ... ok
test_owner_control_is_bounded_and_cannot_return_business_acceptance (test_delivery_cases.DeliveryEvidenceHostTests.test_owner_control_is_bounded_and_cannot_return_business_acceptance) ... ok
test_well_formed_authored_trace_verifies_shape_only (test_delivery_cases.DeliveryEvidenceHostTests.test_well_formed_authored_trace_verifies_shape_only) ... ok
test_correct_late_ack_after_kick_remains_valid (test_delivery_evidence_regressions.DeliveryEvidenceRegressionTests.test_correct_late_ack_after_kick_remains_valid) ... ok
test_different_ship_clock_order_is_not_assumed (test_delivery_evidence_regressions.DeliveryEvidenceRegressionTests.test_different_ship_clock_order_is_not_assumed) ... ok
test_global_event_serial_gaps_are_valid (test_delivery_evidence_regressions.DeliveryEvidenceRegressionTests.test_global_event_serial_gaps_are_valid) ... ok
test_read_only_proof_cannot_include_poke_work (test_delivery_evidence_regressions.DeliveryEvidenceRegressionTests.test_read_only_proof_cannot_include_poke_work) ... ok
test_request_envelope_must_be_an_object (test_delivery_evidence_regressions.DeliveryEvidenceRegressionTests.test_request_envelope_must_be_an_object) ... ok
test_request_probe_identity_is_required (test_delivery_evidence_regressions.DeliveryEvidenceRegressionTests.test_request_probe_identity_is_required) ... ok
test_request_route_is_required (test_delivery_evidence_regressions.DeliveryEvidenceRegressionTests.test_request_route_is_required) ... ok
test_reserved_sentinel_requires_complete_route (test_delivery_evidence_regressions.DeliveryEvidenceRegressionTests.test_reserved_sentinel_requires_complete_route) ... ok
test_sentinel_after_snapshot_must_still_be_active (test_delivery_evidence_regressions.DeliveryEvidenceRegressionTests.test_sentinel_after_snapshot_must_still_be_active) ... ok
test_sentinel_cannot_have_requested_leave (test_delivery_evidence_regressions.DeliveryEvidenceRegressionTests.test_sentinel_cannot_have_requested_leave) ... ok
test_terminal_marker_cannot_reverse_after_kick (test_delivery_evidence_regressions.DeliveryEvidenceRegressionTests.test_terminal_marker_cannot_reverse_after_kick) ... ok
test_absent_native_callbacks_keep_all8_cases_unrun_and_failed (test_delivery_suite.DeliveryScheduleHostTests.test_absent_native_callbacks_keep_all8_cases_unrun_and_failed) ... ok
test_bad_evidence_sink_reference_is_not_silent_transcript_loss (test_delivery_suite.DeliveryScheduleHostTests.test_bad_evidence_sink_reference_is_not_silent_transcript_loss) ... ok
test_call_requires_frame_and_consistent_json_before_qualifying_native (test_delivery_suite.DeliveryScheduleHostTests.test_call_requires_frame_and_consistent_json_before_qualifying_native) ... ok
test_missing_real_log_adapter_refuses_before_any_observer_action (test_delivery_suite.DeliveryScheduleHostTests.test_missing_real_log_adapter_refuses_before_any_observer_action) ... ok
test_partial_callbacks_do_not_begin_native_mutations (test_delivery_suite.DeliveryScheduleHostTests.test_partial_callbacks_do_not_begin_native_mutations) ... ok
test_pending64_actual_ducts_and_per_sender_counts (test_delivery_suite.DeliveryScheduleHostTests.test_pending64_actual_ducts_and_per_sender_counts) ... ok
test_pending_snapshot_cannot_hide_wrong_sender_or_native_record (test_delivery_suite.DeliveryScheduleHostTests.test_pending_snapshot_cannot_hide_wrong_sender_or_native_record) ... ok
test_probe_pool_never_reuses_or_exceeds80 (test_delivery_suite.DeliveryScheduleHostTests.test_probe_pool_never_reuses_or_exceeds80) ... ok
test_read_pair_records_actual_trace_shape_and_cancels_foreign_probe (test_delivery_suite.DeliveryScheduleHostTests.test_read_pair_records_actual_trace_shape_and_cancels_foreign_probe) ... ok
test_unavailable_home_does_not_green_adapter_programming_errors (test_delivery_suite.DeliveryScheduleHostTests.test_unavailable_home_does_not_green_adapter_programming_errors) ... ok

----------------------------------------------------------------------
Ran 137 tests in 2.913s

OK
