test_cli_never_overwrites_existing_directory (test_phase1_evidence_builder.BuilderTests.test_cli_never_overwrites_existing_directory) ... ok
test_concurrency_rejects_edited_command_response_and_reference_inventory (test_phase1_evidence_builder.BuilderTests.test_concurrency_rejects_edited_command_response_and_reference_inventory) ... ok
test_concurrency_rejects_missing_nonfinite_reversed_and_sequential_intervals (test_phase1_evidence_builder.BuilderTests.test_concurrency_rejects_missing_nonfinite_reversed_and_sequential_intervals) ... ok
test_concurrency_requires_exact_raw_exchanges_and_overlapping_intervals (test_phase1_evidence_builder.BuilderTests.test_concurrency_requires_exact_raw_exchanges_and_overlapping_intervals) ... ok
test_duplicate_native_reference_is_not_two_exchanges (test_phase1_evidence_builder.BuilderTests.test_duplicate_native_reference_is_not_two_exchanges) ... ok
test_edited_native_outcome_cannot_override_terminal_bytes (test_phase1_evidence_builder.BuilderTests.test_edited_native_outcome_cannot_override_terminal_bytes) ... ok
test_edited_sibling_business_response_rejected (test_phase1_evidence_builder.BuilderTests.test_edited_sibling_business_response_rejected) ... ok
test_evaluator_hash_labels_without_actual_bytes_reject (test_phase1_evidence_builder.BuilderTests.test_evaluator_hash_labels_without_actual_bytes_reject) ... ok
test_exact_bytes_resolve_and_business_denial_is_preserved (test_phase1_evidence_builder.BuilderTests.test_exact_bytes_resolve_and_business_denial_is_preserved) ... ok
test_exact_sequential_or_touching_raw_intervals_do_not_prove_overlap (test_phase1_evidence_builder.BuilderTests.test_exact_sequential_or_touching_raw_intervals_do_not_prove_overlap) ... ok
test_existing_failed_report_replay_retains_actual_failure_without_execution (test_phase1_evidence_builder.BuilderTests.test_existing_failed_report_replay_retains_actual_failure_without_execution) ... ok
test_export_reconstructs_actual_maximum_and_git_materialization (test_phase1_evidence_builder.BuilderTests.test_export_reconstructs_actual_maximum_and_git_materialization) ... ok
test_export_rejects_metadata_git_context_and_output_substitution (test_phase1_evidence_builder.BuilderTests.test_export_rejects_metadata_git_context_and_output_substitution) ... ok
test_only_exact66_native_requirements_are_mapped (test_phase1_evidence_builder.BuilderTests.test_only_exact66_native_requirements_are_mapped) ... ok
test_output_directory_swapped_after_mkdir_cannot_be_followed (test_phase1_evidence_builder.BuilderTests.test_output_directory_swapped_after_mkdir_cannot_be_followed) ... ok
test_output_parent_swap_during_build_cannot_write_outside (test_phase1_evidence_builder.BuilderTests.test_output_parent_swap_during_build_cannot_write_outside) ... ok
test_output_parent_symlink_is_rejected_before_build (test_phase1_evidence_builder.BuilderTests.test_output_parent_symlink_is_rejected_before_build) ... ok
test_producer_releases_two_actual_host_callbacks_and_retains_their_intervals (test_phase1_evidence_builder.BuilderTests.test_producer_releases_two_actual_host_callbacks_and_retains_their_intervals) ... ok
test_producer_retains_failed_worker_and_does_not_return_a_pass (test_phase1_evidence_builder.BuilderTests.test_producer_retains_failed_worker_and_does_not_return_a_pass) ... ok
test_request_bytes_cannot_be_replaced_by_a_matching_input_hash (test_phase1_evidence_builder.BuilderTests.test_request_bytes_cannot_be_replaced_by_a_matching_input_hash) ... ok
test_restart_cannot_be_inferred_from_pid_labels (test_phase1_evidence_builder.BuilderTests.test_restart_cannot_be_inferred_from_pid_labels) ... ok
test_scope_and_route_are_part_of_exact_control_request (test_phase1_evidence_builder.BuilderTests.test_scope_and_route_are_part_of_exact_control_request) ... ok
test_summary_cannot_invent_overlap_over_actual_sequential_interval_records (test_phase1_evidence_builder.BuilderTests.test_summary_cannot_invent_overlap_over_actual_sequential_interval_records) ... ok
test_transcript_hash_and_summary_tampering_fail (test_phase1_evidence_builder.BuilderTests.test_transcript_hash_and_summary_tampering_fail) ... ok
test_wait_needs_real_authority_clock_and_exact_observation (test_phase1_evidence_builder.BuilderTests.test_wait_needs_real_authority_clock_and_exact_observation) ... ok
test_wrong_actor_and_missing_call_fail (test_phase1_evidence_builder.BuilderTests.test_wrong_actor_and_missing_call_fail) ... ok

----------------------------------------------------------------------
Ran 26 tests in 0.328s

OK
