python3 scripts/urbit/harness.py core-test
FAIL: Native core acceptance failed; retained evidence is not a pass
{
  "status": "fail",
  "checks_passed": 473,
  "checks_failed": [
    {
      "name": "owner-control:roundtrip",
      "passed": false
    }
  ],
  "error": "AssertionError: owner-control:roundtrip",
  "qa_case_counts": {
    "passed": 145,
    "incomplete": 3
  },
  "qa_coverage_status": "failed",
  "elapsed_seconds": 1485.876,
  "evidence_file": ".piers/fakes/logs/core-20260925T100137Z.json",
  "execution_guard": {
    "run_id": "b71358a9b420beb4232ebfaa747cd730",
    "generation": 1628,
    "guard_sha256": "7166d197a6e3879f21c22637f2bd3074ff90975c33a2149f6e07763e2eeaa04e",
    "policy_sha256": "dbbd9dc1af8fdc946b78f8cfe741411e3bf83f832f554c20cd2c8cef447b2f23",
    "policy": {
      "cooperative_seconds": 10,
      "cpu_period_us": 10000,
      "cpu_quota_us": 5000,
      "kill_seconds": 5,
      "sample_seconds": 1,
      "stale_seconds": 3,
      "start_c": 75,
      "stop_c": 90,
      "terminate_seconds": 10
    }
  }
}
make: *** [Makefile:26: core-test] Error 1
